******************************************************************************
             TMS320C2000 Linker PC v22.6.1                     
******************************************************************************
>> Linked Mon Sep  1 07:09:48 2025

OUTPUT FILE NAME:   <BESeal.out>
ENTRY POINT SYMBOL: "code_start"  address: 00100000


MEMORY CONFIGURATION

         name            origin    length      used     unused   attr    fill
----------------------  --------  ---------  --------  --------  ----  --------
  RAMM1                 000007f0   00000010  00000010  00000000  RWIX
  RAMGS4                00018000   0000a000  00000000  0000a000  RWIX
  BEGIN                 00100000   00000002  00000001  00000001  RWIX
  FLASH_MODULE_SETUP_CA 0010001c   00000002  00000000  00000002  RWIX
  FLASH_MODULE_INIT_CAL 0010001e   00000002  00000000  00000002  RWIX
  FLASH_BUFFER_PTRS     00100020   00000020  00000000  00000020  RWIX
  FLASH_ISR_FUNC_PTRS   00100040   00000020  00000000  00000020  RWIX
  FLASH_IDLE_FUNC_PTRS  00100060   00000020  00000000  00000020  RWIX
  FLASH_EXCEPTION_FUNC_ 00100080   00000020  00000000  00000020  RWIX
  FLASH_ABORT_FUNC_PTRS 001000a0   00000020  00000000  00000020  RWIX
  FLASH_SEAL_REV        001000c0   00000040  00000000  00000040  RWIX
  FLASH_GENESIS_VERSE   00100100   000000c4  00000000  000000c4  RWIX
  FLASH_DEVICE_SETUP    00100200   00000040  00000000  00000040  RWIX
  FLASH_BANK4           00100240   0001fe00  00000000  0001fe00  RWIX


SECTION ALLOCATION MAP

 output                                  attributes/
section   page    origin      length       input sections
--------  ----  ----------  ----------   ----------------
codestart 
*          0    00100000    00000001     
                  00100000    00000001     SEAL_codestartbranch.obj (codestart)

.cinit     0    00100240    00000000     

.stack     0    000007f0    00000010     UNINITIALIZED
                  000007f0    00000010     --HOLE--

.init_array 
*          0    00100240    00000000     UNINITIALIZED

MODULE SUMMARY

       Module                     code   ro data   rw data
       ------                     ----   -------   -------
    .\
       SEAL_codestartbranch.obj   1      0         0      
    +--+--------------------------+------+---------+---------+
       Total:                     1      0         0      
                                                          
       Stack:                     0      0         16     
    +--+--------------------------+------+---------+---------+
       Grand Total:               1      0         16     


GLOBAL DATA SYMBOLS: SORTED BY DATA PAGE

address     data page           name
--------    ----------------    ----
000007f0      1f (000007c0)     __stack


GLOBAL SYMBOLS: SORTED ALPHABETICALLY BY Name 

page  address   name                
----  -------   ----                
0     00100240  __TI_CINIT_Base     
0     00100240  __TI_CINIT_Limit    
0     00100240  __TI_CINIT_Warm     
0     00000800  __TI_STACK_END      
abs   00000010  __TI_STACK_SIZE     
abs   ffffffff  __TI_pprof_out_hndl 
abs   ffffffff  __TI_prof_data_size 
abs   ffffffff  __TI_prof_data_start
0     000007f0  __stack             
0     00100000  code_start          


GLOBAL SYMBOLS: SORTED BY Symbol Address 

page  address   name                
----  -------   ----                
0     000007f0  __stack             
0     00000800  __TI_STACK_END      
0     00100000  code_start          
0     00100240  __TI_CINIT_Base     
0     00100240  __TI_CINIT_Limit    
0     00100240  __TI_CINIT_Warm     
abs   00000010  __TI_STACK_SIZE     
abs   ffffffff  __TI_pprof_out_hndl 
abs   ffffffff  __TI_prof_data_size 
abs   ffffffff  __TI_prof_data_start

[10 symbols]
